// Jest Snapshot v1, https://goo.gl/fbAQLP

exports[`snapshot app standard test 1`] = `
Array [
  <header>
    <img
      alt="Equalizer"
      className="logo"
      src="logo.svg"
    />
  </header>,
  <main>
    <div
      className="calculator-wrapper"
    >
      <div
        className="calculator-toggle"
      >
        <button
          onClick={[Function]}
        >
          Academic
        </button>
      </div>
      <div
        className="calculator-view Standard"
      >
        <div
          className="calculator"
        >
          <input
            className=""
            onChange={[Function]}
            onKeyPress={[Function]}
            placeholder="0"
            type="text"
            value=""
          />
          <div
            className="button-wrapper operation"
          >
            <button
              name="="
              onClick={[Function]}
            >
              <img
                alt="="
                name="="
                src="logo.svg"
                width={20}
              />
            </button>
          </div>
          <div
            className="button-wrapper "
          >
            <button
              name="("
              onClick={[Function]}
            >
              (
            </button>
          </div>
          <div
            className="button-wrapper "
          >
            <button
              name="C"
              onClick={[Function]}
            >
              C
            </button>
          </div>
          <div
            className="button-wrapper "
          >
            <button
              name=")"
              onClick={[Function]}
            >
              )
            </button>
          </div>
          <div
            className="button-wrapper operation"
          >
            <button
              name="/"
              onClick={[Function]}
            >
              รท
            </button>
          </div>
          <div
            className="button-wrapper "
          >
            <button
              name="7"
              onClick={[Function]}
            >
              7
            </button>
          </div>
          <div
            className="button-wrapper "
          >
            <button
              name="8"
              onClick={[Function]}
            >
              8
            </button>
          </div>
          <div
            className="button-wrapper "
          >
            <button
              name="9"
              onClick={[Function]}
            >
              9
            </button>
          </div>
          <div
            className="button-wrapper operation"
          >
            <button
              name="*"
              onClick={[Function]}
            >
              x
            </button>
          </div>
          <div
            className="button-wrapper "
          >
            <button
              name="4"
              onClick={[Function]}
            >
              4
            </button>
          </div>
          <div
            className="button-wrapper "
          >
            <button
              name="5"
              onClick={[Function]}
            >
              5
            </button>
          </div>
          <div
            className="button-wrapper "
          >
            <button
              name="6"
              onClick={[Function]}
            >
              6
            </button>
          </div>
          <div
            className="button-wrapper operation"
          >
            <button
              name="-"
              onClick={[Function]}
            >
              -
            </button>
          </div>
          <div
            className="button-wrapper "
          >
            <button
              name="1"
              onClick={[Function]}
            >
              1
            </button>
          </div>
          <div
            className="button-wrapper "
          >
            <button
              name="2"
              onClick={[Function]}
            >
              2
            </button>
          </div>
          <div
            className="button-wrapper "
          >
            <button
              name="3"
              onClick={[Function]}
            >
              3
            </button>
          </div>
          <div
            className="button-wrapper operation"
          >
            <button
              name="+"
              onClick={[Function]}
            >
              +
            </button>
          </div>
          <div
            className="button-wrapper double"
          >
            <button
              name="0"
              onClick={[Function]}
            >
              0
            </button>
          </div>
          <div
            className="button-wrapper "
          >
            <button
              name="."
              onClick={[Function]}
            >
              .
            </button>
          </div>
          <div
            className="button-wrapper operation"
          >
            <button
              name="%"
              onClick={[Function]}
            >
              %
            </button>
          </div>
        </div>
        <div
          className="formulas"
        >
          <ul />
        </div>
      </div>
    </div>
  </main>,
]
`;

exports[`snapshot app test 1`] = `
Array [
  <header>
    <img
      alt="Equalizer"
      className="logo"
      src="logo.svg"
    />
  </header>,
  <main>
    <div
      className="calculator-wrapper"
    >
      <div
        className="calculator-toggle"
      >
        <button
          onClick={[Function]}
        >
          Academic
        </button>
      </div>
      <div
        className="calculator-view Standard"
      >
        <div
          className="calculator"
        >
          <input
            className=""
            onChange={[Function]}
            onKeyPress={[Function]}
            placeholder="0"
            type="text"
            value=""
          />
          <div
            className="button-wrapper operation"
          >
            <button
              name="="
              onClick={[Function]}
            >
              <img
                alt="="
                name="="
                src="logo.svg"
                width={20}
              />
            </button>
          </div>
          <div
            className="button-wrapper "
          >
            <button
              name="("
              onClick={[Function]}
            >
              (
            </button>
          </div>
          <div
            className="button-wrapper "
          >
            <button
              name="C"
              onClick={[Function]}
            >
              C
            </button>
          </div>
          <div
            className="button-wrapper "
          >
            <button
              name=")"
              onClick={[Function]}
            >
              )
            </button>
          </div>
          <div
            className="button-wrapper operation"
          >
            <button
              name="/"
              onClick={[Function]}
            >
              รท
            </button>
          </div>
          <div
            className="button-wrapper "
          >
            <button
              name="7"
              onClick={[Function]}
            >
              7
            </button>
          </div>
          <div
            className="button-wrapper "
          >
            <button
              name="8"
              onClick={[Function]}
            >
              8
            </button>
          </div>
          <div
            className="button-wrapper "
          >
            <button
              name="9"
              onClick={[Function]}
            >
              9
            </button>
          </div>
          <div
            className="button-wrapper operation"
          >
            <button
              name="*"
              onClick={[Function]}
            >
              x
            </button>
          </div>
          <div
            className="button-wrapper "
          >
            <button
              name="4"
              onClick={[Function]}
            >
              4
            </button>
          </div>
          <div
            className="button-wrapper "
          >
            <button
              name="5"
              onClick={[Function]}
            >
              5
            </button>
          </div>
          <div
            className="button-wrapper "
          >
            <button
              name="6"
              onClick={[Function]}
            >
              6
            </button>
          </div>
          <div
            className="button-wrapper operation"
          >
            <button
              name="-"
              onClick={[Function]}
            >
              -
            </button>
          </div>
          <div
            className="button-wrapper "
          >
            <button
              name="1"
              onClick={[Function]}
            >
              1
            </button>
          </div>
          <div
            className="button-wrapper "
          >
            <button
              name="2"
              onClick={[Function]}
            >
              2
            </button>
          </div>
          <div
            className="button-wrapper "
          >
            <button
              name="3"
              onClick={[Function]}
            >
              3
            </button>
          </div>
          <div
            className="button-wrapper operation"
          >
            <button
              name="+"
              onClick={[Function]}
            >
              +
            </button>
          </div>
          <div
            className="button-wrapper double"
          >
            <button
              name="0"
              onClick={[Function]}
            >
              0
            </button>
          </div>
          <div
            className="button-wrapper "
          >
            <button
              name="."
              onClick={[Function]}
            >
              .
            </button>
          </div>
          <div
            className="button-wrapper operation"
          >
            <button
              name="%"
              onClick={[Function]}
            >
              %
            </button>
          </div>
        </div>
        <div
          className="formulas"
        >
          <ul />
        </div>
      </div>
    </div>
  </main>,
]
`;

exports[`snapshot standard calcu test 1`] = `
Array [
  <header>
    <img
      alt="Equalizer"
      className="logo"
      src="logo.svg"
    />
  </header>,
  <main>
    <div
      className="calculator-wrapper"
    >
      <div
        className="calculator-toggle"
      >
        <button
          onClick={[Function]}
        >
          Academic
        </button>
      </div>
      <div
        className="calculator-view Standard"
      >
        <div
          className="calculator"
        >
          <input
            className=""
            onChange={[Function]}
            onKeyPress={[Function]}
            placeholder="0"
            type="text"
            value=""
          />
          <div
            className="button-wrapper operation"
          >
            <button
              name="="
              onClick={[Function]}
            >
              <img
                alt="="
                name="="
                src="logo.svg"
                width={20}
              />
            </button>
          </div>
          <div
            className="button-wrapper "
          >
            <button
              name="("
              onClick={[Function]}
            >
              (
            </button>
          </div>
          <div
            className="button-wrapper "
          >
            <button
              name="C"
              onClick={[Function]}
            >
              C
            </button>
          </div>
          <div
            className="button-wrapper "
          >
            <button
              name=")"
              onClick={[Function]}
            >
              )
            </button>
          </div>
          <div
            className="button-wrapper operation"
          >
            <button
              name="/"
              onClick={[Function]}
            >
              รท
            </button>
          </div>
          <div
            className="button-wrapper "
          >
            <button
              name="7"
              onClick={[Function]}
            >
              7
            </button>
          </div>
          <div
            className="button-wrapper "
          >
            <button
              name="8"
              onClick={[Function]}
            >
              8
            </button>
          </div>
          <div
            className="button-wrapper "
          >
            <button
              name="9"
              onClick={[Function]}
            >
              9
            </button>
          </div>
          <div
            className="button-wrapper operation"
          >
            <button
              name="*"
              onClick={[Function]}
            >
              x
            </button>
          </div>
          <div
            className="button-wrapper "
          >
            <button
              name="4"
              onClick={[Function]}
            >
              4
            </button>
          </div>
          <div
            className="button-wrapper "
          >
            <button
              name="5"
              onClick={[Function]}
            >
              5
            </button>
          </div>
          <div
            className="button-wrapper "
          >
            <button
              name="6"
              onClick={[Function]}
            >
              6
            </button>
          </div>
          <div
            className="button-wrapper operation"
          >
            <button
              name="-"
              onClick={[Function]}
            >
              -
            </button>
          </div>
          <div
            className="button-wrapper "
          >
            <button
              name="1"
              onClick={[Function]}
            >
              1
            </button>
          </div>
          <div
            className="button-wrapper "
          >
            <button
              name="2"
              onClick={[Function]}
            >
              2
            </button>
          </div>
          <div
            className="button-wrapper "
          >
            <button
              name="3"
              onClick={[Function]}
            >
              3
            </button>
          </div>
          <div
            className="button-wrapper operation"
          >
            <button
              name="+"
              onClick={[Function]}
            >
              +
            </button>
          </div>
          <div
            className="button-wrapper double"
          >
            <button
              name="0"
              onClick={[Function]}
            >
              0
            </button>
          </div>
          <div
            className="button-wrapper "
          >
            <button
              name="."
              onClick={[Function]}
            >
              .
            </button>
          </div>
          <div
            className="button-wrapper operation"
          >
            <button
              name="%"
              onClick={[Function]}
            >
              %
            </button>
          </div>
        </div>
        <div
          className="formulas"
        >
          <ul />
        </div>
      </div>
    </div>
  </main>,
]
`;

exports[`snapshot standard calculator test 1`] = `
Array [
  <header>
    <img
      alt="Equalizer"
      className="logo"
      src="logo.svg"
    />
  </header>,
  <main>
    <div
      className="calculator-wrapper"
    >
      <div
        className="calculator-toggle"
      >
        <button
          onClick={[Function]}
        >
          Academic
        </button>
      </div>
      <div
        className="calculator-view Standard"
      >
        <div
          className="calculator"
        >
          <input
            className=""
            onChange={[Function]}
            onKeyPress={[Function]}
            placeholder="0"
            type="text"
            value=""
          />
          <div
            className="button-wrapper operation"
          >
            <button
              name="="
              onClick={[Function]}
            >
              <img
                alt="="
                name="="
                src="logo.svg"
                width={20}
              />
            </button>
          </div>
          <div
            className="button-wrapper "
          >
            <button
              name="("
              onClick={[Function]}
            >
              (
            </button>
          </div>
          <div
            className="button-wrapper "
          >
            <button
              name="C"
              onClick={[Function]}
            >
              C
            </button>
          </div>
          <div
            className="button-wrapper "
          >
            <button
              name=")"
              onClick={[Function]}
            >
              )
            </button>
          </div>
          <div
            className="button-wrapper operation"
          >
            <button
              name="/"
              onClick={[Function]}
            >
              รท
            </button>
          </div>
          <div
            className="button-wrapper "
          >
            <button
              name="7"
              onClick={[Function]}
            >
              7
            </button>
          </div>
          <div
            className="button-wrapper "
          >
            <button
              name="8"
              onClick={[Function]}
            >
              8
            </button>
          </div>
          <div
            className="button-wrapper "
          >
            <button
              name="9"
              onClick={[Function]}
            >
              9
            </button>
          </div>
          <div
            className="button-wrapper operation"
          >
            <button
              name="*"
              onClick={[Function]}
            >
              x
            </button>
          </div>
          <div
            className="button-wrapper "
          >
            <button
              name="4"
              onClick={[Function]}
            >
              4
            </button>
          </div>
          <div
            className="button-wrapper "
          >
            <button
              name="5"
              onClick={[Function]}
            >
              5
            </button>
          </div>
          <div
            className="button-wrapper "
          >
            <button
              name="6"
              onClick={[Function]}
            >
              6
            </button>
          </div>
          <div
            className="button-wrapper operation"
          >
            <button
              name="-"
              onClick={[Function]}
            >
              -
            </button>
          </div>
          <div
            className="button-wrapper "
          >
            <button
              name="1"
              onClick={[Function]}
            >
              1
            </button>
          </div>
          <div
            className="button-wrapper "
          >
            <button
              name="2"
              onClick={[Function]}
            >
              2
            </button>
          </div>
          <div
            className="button-wrapper "
          >
            <button
              name="3"
              onClick={[Function]}
            >
              3
            </button>
          </div>
          <div
            className="button-wrapper operation"
          >
            <button
              name="+"
              onClick={[Function]}
            >
              +
            </button>
          </div>
          <div
            className="button-wrapper double"
          >
            <button
              name="0"
              onClick={[Function]}
            >
              0
            </button>
          </div>
          <div
            className="button-wrapper "
          >
            <button
              name="."
              onClick={[Function]}
            >
              .
            </button>
          </div>
          <div
            className="button-wrapper operation"
          >
            <button
              name="%"
              onClick={[Function]}
            >
              %
            </button>
          </div>
        </div>
        <div
          className="formulas"
        >
          <ul />
        </div>
      </div>
    </div>
  </main>,
]
`;

exports[`snapshot standard test 1`] = `
Array [
  <header>
    <img
      alt="Equalizer"
      className="logo"
      src="logo.svg"
    />
  </header>,
  <main>
    <div
      className="calculator-wrapper"
    >
      <div
        className="calculator-toggle"
      >
        <button
          onClick={[Function]}
        >
          Academic
        </button>
      </div>
      <div
        className="calculator-view Standard"
      >
        <div
          className="calculator"
        >
          <input
            className=""
            onChange={[Function]}
            onKeyPress={[Function]}
            placeholder="0"
            type="text"
            value=""
          />
          <div
            className="button-wrapper operation"
          >
            <button
              name="="
              onClick={[Function]}
            >
              <img
                alt="="
                name="="
                src="logo.svg"
                width={20}
              />
            </button>
          </div>
          <div
            className="button-wrapper "
          >
            <button
              name="("
              onClick={[Function]}
            >
              (
            </button>
          </div>
          <div
            className="button-wrapper "
          >
            <button
              name="C"
              onClick={[Function]}
            >
              C
            </button>
          </div>
          <div
            className="button-wrapper "
          >
            <button
              name=")"
              onClick={[Function]}
            >
              )
            </button>
          </div>
          <div
            className="button-wrapper operation"
          >
            <button
              name="/"
              onClick={[Function]}
            >
              รท
            </button>
          </div>
          <div
            className="button-wrapper "
          >
            <button
              name="7"
              onClick={[Function]}
            >
              7
            </button>
          </div>
          <div
            className="button-wrapper "
          >
            <button
              name="8"
              onClick={[Function]}
            >
              8
            </button>
          </div>
          <div
            className="button-wrapper "
          >
            <button
              name="9"
              onClick={[Function]}
            >
              9
            </button>
          </div>
          <div
            className="button-wrapper operation"
          >
            <button
              name="*"
              onClick={[Function]}
            >
              x
            </button>
          </div>
          <div
            className="button-wrapper "
          >
            <button
              name="4"
              onClick={[Function]}
            >
              4
            </button>
          </div>
          <div
            className="button-wrapper "
          >
            <button
              name="5"
              onClick={[Function]}
            >
              5
            </button>
          </div>
          <div
            className="button-wrapper "
          >
            <button
              name="6"
              onClick={[Function]}
            >
              6
            </button>
          </div>
          <div
            className="button-wrapper operation"
          >
            <button
              name="-"
              onClick={[Function]}
            >
              -
            </button>
          </div>
          <div
            className="button-wrapper "
          >
            <button
              name="1"
              onClick={[Function]}
            >
              1
            </button>
          </div>
          <div
            className="button-wrapper "
          >
            <button
              name="2"
              onClick={[Function]}
            >
              2
            </button>
          </div>
          <div
            className="button-wrapper "
          >
            <button
              name="3"
              onClick={[Function]}
            >
              3
            </button>
          </div>
          <div
            className="button-wrapper operation"
          >
            <button
              name="+"
              onClick={[Function]}
            >
              +
            </button>
          </div>
          <div
            className="button-wrapper double"
          >
            <button
              name="0"
              onClick={[Function]}
            >
              0
            </button>
          </div>
          <div
            className="button-wrapper "
          >
            <button
              name="."
              onClick={[Function]}
            >
              .
            </button>
          </div>
          <div
            className="button-wrapper operation"
          >
            <button
              name="%"
              onClick={[Function]}
            >
              %
            </button>
          </div>
        </div>
        <div
          className="formulas"
        >
          <ul />
        </div>
      </div>
    </div>
  </main>,
]
`;
